// Jest Snapshot v1, https://goo.gl/fbAQLP

exports[`Projects View Adding a new entry 1`] = `[Function]`;

exports[`Projects View renders correctly 1`] = `[Function]`;
