// Jest Snapshot v1, https://goo.gl/fbAQLP

exports[`Projects List Item Component renders correctly 1`] = `[Function]`;
