// Jest Snapshot v1, https://goo.gl/fbAQLP

exports[`Projects List Component renders correctly 1`] = `[Function]`;
